Archive member included because of file (symbol)

e:/atmel studio/extensions/atmel/avrgcc/3.4.1.95/avrtoolchain/bin/../lib/gcc/avr/4.6.2/../../../../avr/lib/avr5\libm.a(addsf3.o)
                              Heater_Controller.o (__addsf3)
e:/atmel studio/extensions/atmel/avrgcc/3.4.1.95/avrtoolchain/bin/../lib/gcc/avr/4.6.2/../../../../avr/lib/avr5\libm.a(addsf3x.o)
                              e:/atmel studio/extensions/atmel/avrgcc/3.4.1.95/avrtoolchain/bin/../lib/gcc/avr/4.6.2/../../../../avr/lib/avr5\libm.a(addsf3.o) (__addsf3x)
e:/atmel studio/extensions/atmel/avrgcc/3.4.1.95/avrtoolchain/bin/../lib/gcc/avr/4.6.2/../../../../avr/lib/avr5\libm.a(divsf3.o)
                              Heater_Controller.o (__divsf3)
e:/atmel studio/extensions/atmel/avrgcc/3.4.1.95/avrtoolchain/bin/../lib/gcc/avr/4.6.2/../../../../avr/lib/avr5\libm.a(divsf3x.o)
                              e:/atmel studio/extensions/atmel/avrgcc/3.4.1.95/avrtoolchain/bin/../lib/gcc/avr/4.6.2/../../../../avr/lib/avr5\libm.a(divsf3.o) (__divsf3x)
e:/atmel studio/extensions/atmel/avrgcc/3.4.1.95/avrtoolchain/bin/../lib/gcc/avr/4.6.2/../../../../avr/lib/avr5\libm.a(fixunssfsi.o)
                              PWM.o (__fixunssfsi)
e:/atmel studio/extensions/atmel/avrgcc/3.4.1.95/avrtoolchain/bin/../lib/gcc/avr/4.6.2/../../../../avr/lib/avr5\libm.a(floatsisf.o)
                              Heater_Controller.o (__floatunsisf)
e:/atmel studio/extensions/atmel/avrgcc/3.4.1.95/avrtoolchain/bin/../lib/gcc/avr/4.6.2/../../../../avr/lib/avr5\libm.a(fp_inf.o)
                              e:/atmel studio/extensions/atmel/avrgcc/3.4.1.95/avrtoolchain/bin/../lib/gcc/avr/4.6.2/../../../../avr/lib/avr5\libm.a(addsf3x.o) (__fp_inf)
e:/atmel studio/extensions/atmel/avrgcc/3.4.1.95/avrtoolchain/bin/../lib/gcc/avr/4.6.2/../../../../avr/lib/avr5\libm.a(fp_nan.o)
                              e:/atmel studio/extensions/atmel/avrgcc/3.4.1.95/avrtoolchain/bin/../lib/gcc/avr/4.6.2/../../../../avr/lib/avr5\libm.a(addsf3x.o) (__fp_nan)
e:/atmel studio/extensions/atmel/avrgcc/3.4.1.95/avrtoolchain/bin/../lib/gcc/avr/4.6.2/../../../../avr/lib/avr5\libm.a(fp_pscA.o)
                              e:/atmel studio/extensions/atmel/avrgcc/3.4.1.95/avrtoolchain/bin/../lib/gcc/avr/4.6.2/../../../../avr/lib/avr5\libm.a(addsf3x.o) (__fp_pscA)
e:/atmel studio/extensions/atmel/avrgcc/3.4.1.95/avrtoolchain/bin/../lib/gcc/avr/4.6.2/../../../../avr/lib/avr5\libm.a(fp_pscB.o)
                              e:/atmel studio/extensions/atmel/avrgcc/3.4.1.95/avrtoolchain/bin/../lib/gcc/avr/4.6.2/../../../../avr/lib/avr5\libm.a(addsf3x.o) (__fp_pscB)
e:/atmel studio/extensions/atmel/avrgcc/3.4.1.95/avrtoolchain/bin/../lib/gcc/avr/4.6.2/../../../../avr/lib/avr5\libm.a(fp_round.o)
                              e:/atmel studio/extensions/atmel/avrgcc/3.4.1.95/avrtoolchain/bin/../lib/gcc/avr/4.6.2/../../../../avr/lib/avr5\libm.a(addsf3.o) (__fp_round)
e:/atmel studio/extensions/atmel/avrgcc/3.4.1.95/avrtoolchain/bin/../lib/gcc/avr/4.6.2/../../../../avr/lib/avr5\libm.a(fp_split3.o)
                              e:/atmel studio/extensions/atmel/avrgcc/3.4.1.95/avrtoolchain/bin/../lib/gcc/avr/4.6.2/../../../../avr/lib/avr5\libm.a(addsf3x.o) (__fp_split3)
e:/atmel studio/extensions/atmel/avrgcc/3.4.1.95/avrtoolchain/bin/../lib/gcc/avr/4.6.2/../../../../avr/lib/avr5\libm.a(fp_zero.o)
                              e:/atmel studio/extensions/atmel/avrgcc/3.4.1.95/avrtoolchain/bin/../lib/gcc/avr/4.6.2/../../../../avr/lib/avr5\libm.a(addsf3x.o) (__fp_zero)
e:/atmel studio/extensions/atmel/avrgcc/3.4.1.95/avrtoolchain/bin/../lib/gcc/avr/4.6.2/../../../../avr/lib/avr5\libm.a(mulsf3.o)
                              Heater_Controller.o (__mulsf3)
e:/atmel studio/extensions/atmel/avrgcc/3.4.1.95/avrtoolchain/bin/../lib/gcc/avr/4.6.2/../../../../avr/lib/avr5\libm.a(mulsf3x.o)
                              e:/atmel studio/extensions/atmel/avrgcc/3.4.1.95/avrtoolchain/bin/../lib/gcc/avr/4.6.2/../../../../avr/lib/avr5\libm.a(mulsf3.o) (__mulsf3x)
e:/atmel studio/extensions/atmel/avrgcc/3.4.1.95/avrtoolchain/bin/../lib/gcc/avr/4.6.2/avr5\libgcc.a(_udivmodqi4.o)
                              Temp_Manager.o (__udivmodqi4)
e:/atmel studio/extensions/atmel/avrgcc/3.4.1.95/avrtoolchain/bin/../lib/gcc/avr/4.6.2/avr5\libgcc.a(_exit.o)
                              e:/atmel studio/extensions/atmel/avrgcc/3.4.1.95/avrtoolchain/bin/../lib/gcc/avr/4.6.2/../../../../avr/lib/avr5/crtm32.o (exit)
e:/atmel studio/extensions/atmel/avrgcc/3.4.1.95/avrtoolchain/bin/../lib/gcc/avr/4.6.2/avr5\libgcc.a(_copy_data.o)
                              ADC.o (__do_copy_data)
e:/atmel studio/extensions/atmel/avrgcc/3.4.1.95/avrtoolchain/bin/../lib/gcc/avr/4.6.2/avr5\libgcc.a(_clear_bss.o)
                              ADC.o (__do_clear_bss)
e:/atmel studio/extensions/atmel/avrgcc/3.4.1.95/avrtoolchain/bin/../lib/gcc/avr/4.6.2/../../../../avr/lib/avr5\libc.a(itoa.o)
                              Display_Manager.o (itoa)
e:/atmel studio/extensions/atmel/avrgcc/3.4.1.95/avrtoolchain/bin/../lib/gcc/avr/4.6.2/../../../../avr/lib/avr5\libc.a(strrev.o)
                              e:/atmel studio/extensions/atmel/avrgcc/3.4.1.95/avrtoolchain/bin/../lib/gcc/avr/4.6.2/../../../../avr/lib/avr5\libc.a(itoa.o) (strrev)
e:/atmel studio/extensions/atmel/avrgcc/3.4.1.95/avrtoolchain/bin/../lib/gcc/avr/4.6.2/avr5\libgcc.a(_udivmodhi4.o)
                              e:/atmel studio/extensions/atmel/avrgcc/3.4.1.95/avrtoolchain/bin/../lib/gcc/avr/4.6.2/../../../../avr/lib/avr5\libc.a(itoa.o) (__udivmodhi4)

Memory Configuration

Name             Origin             Length             Attributes
text             0x00000000         0x00020000         xr
data             0x00800060         0x0000ffa0         rw !x
eeprom           0x00810000         0x00010000         rw !x
fuse             0x00820000         0x00000400         rw !x
lock             0x00830000         0x00000400         rw !x
signature        0x00840000         0x00000400         rw !x
*default*        0x00000000         0xffffffff

Linker script and memory map

LOAD e:/atmel studio/extensions/atmel/avrgcc/3.4.1.95/avrtoolchain/bin/../lib/gcc/avr/4.6.2/../../../../avr/lib/avr5/crtm32.o
LOAD ADC.o
LOAD ADC_Cfg.o
LOAD Heater_Controller.o
LOAD Timer_2.o
LOAD PWM.o
LOAD Display_Manager.o
LOAD KEYPAD.o
LOAD KEYPAD_Cfg.o
LOAD LCD.o
LOAD DIO.o
LOAD LCD_Cfg.o
LOAD main.o
LOAD SPI.o
LOAD SPI_Cfg.o
LOAD TC72.o
LOAD Temp_Manager.o
START GROUP
LOAD e:/atmel studio/extensions/atmel/avrgcc/3.4.1.95/avrtoolchain/bin/../lib/gcc/avr/4.6.2/../../../../avr/lib/avr5\libm.a
END GROUP
LOAD e:/atmel studio/extensions/atmel/avrgcc/3.4.1.95/avrtoolchain/bin/../lib/gcc/avr/4.6.2/avr5\libgcc.a
LOAD e:/atmel studio/extensions/atmel/avrgcc/3.4.1.95/avrtoolchain/bin/../lib/gcc/avr/4.6.2/../../../../avr/lib/avr5\libc.a
LOAD e:/atmel studio/extensions/atmel/avrgcc/3.4.1.95/avrtoolchain/bin/../lib/gcc/avr/4.6.2/avr5\libgcc.a

.hash
 *(.hash)

.dynsym
 *(.dynsym)

.dynstr
 *(.dynstr)

.gnu.version
 *(.gnu.version)

.gnu.version_d
 *(.gnu.version_d)

.gnu.version_r
 *(.gnu.version_r)

.rel.init
 *(.rel.init)

.rela.init
 *(.rela.init)

.rel.text
 *(.rel.text)
 *(.rel.text.*)
 *(.rel.gnu.linkonce.t*)

.rela.text
 *(.rela.text)
 *(.rela.text.*)
 *(.rela.gnu.linkonce.t*)

.rel.fini
 *(.rel.fini)

.rela.fini
 *(.rela.fini)

.rel.rodata
 *(.rel.rodata)
 *(.rel.rodata.*)
 *(.rel.gnu.linkonce.r*)

.rela.rodata
 *(.rela.rodata)
 *(.rela.rodata.*)
 *(.rela.gnu.linkonce.r*)

.rel.data
 *(.rel.data)
 *(.rel.data.*)
 *(.rel.gnu.linkonce.d*)

.rela.data
 *(.rela.data)
 *(.rela.data.*)
 *(.rela.gnu.linkonce.d*)

.rel.ctors
 *(.rel.ctors)

.rela.ctors
 *(.rela.ctors)

.rel.dtors
 *(.rel.dtors)

.rela.dtors
 *(.rela.dtors)

.rel.got
 *(.rel.got)

.rela.got
 *(.rela.got)

.rel.bss
 *(.rel.bss)

.rela.bss
 *(.rela.bss)

.rel.plt
 *(.rel.plt)

.rela.plt
 *(.rela.plt)

.text           0x00000000     0x1218
 *(.vectors)
 .vectors       0x00000000       0x54 e:/atmel studio/extensions/atmel/avrgcc/3.4.1.95/avrtoolchain/bin/../lib/gcc/avr/4.6.2/../../../../avr/lib/avr5/crtm32.o
                0x00000000                __vector_default
                0x00000000                __vectors
 *(.vectors)
 *(.progmem.gcc*)
 *(.progmem*)
                0x00000054                . = ALIGN (0x2)
                0x00000054                __trampolines_start = .
 *(.trampolines)
 .trampolines   0x00000054        0x0 linker stubs
 *(.trampolines*)
                0x00000054                __trampolines_end = .
 *(.jumptables)
 *(.jumptables*)
 *(.lowtext)
 *(.lowtext*)
                0x00000054                __ctors_start = .
 *(.ctors)
                0x00000054                __ctors_end = .
                0x00000054                __dtors_start = .
 *(.dtors)
                0x00000054                __dtors_end = .
 SORT(*)(.ctors)
 SORT(*)(.dtors)
 *(.init0)
 .init0         0x00000054        0x0 e:/atmel studio/extensions/atmel/avrgcc/3.4.1.95/avrtoolchain/bin/../lib/gcc/avr/4.6.2/../../../../avr/lib/avr5/crtm32.o
                0x00000054                __init
 *(.init0)
 *(.init1)
 *(.init1)
 *(.init2)
 .init2         0x00000054        0xc e:/atmel studio/extensions/atmel/avrgcc/3.4.1.95/avrtoolchain/bin/../lib/gcc/avr/4.6.2/../../../../avr/lib/avr5/crtm32.o
 *(.init2)
 *(.init3)
 *(.init3)
 *(.init4)
 .init4         0x00000060       0x16 e:/atmel studio/extensions/atmel/avrgcc/3.4.1.95/avrtoolchain/bin/../lib/gcc/avr/4.6.2/avr5\libgcc.a(_copy_data.o)
                0x00000060                __do_copy_data
 .init4         0x00000076       0x10 e:/atmel studio/extensions/atmel/avrgcc/3.4.1.95/avrtoolchain/bin/../lib/gcc/avr/4.6.2/avr5\libgcc.a(_clear_bss.o)
                0x00000076                __do_clear_bss
 *(.init4)
 *(.init5)
 *(.init5)
 *(.init6)
 *(.init6)
 *(.init7)
 *(.init7)
 *(.init8)
 *(.init8)
 *(.init9)
 .init9         0x00000086        0x8 e:/atmel studio/extensions/atmel/avrgcc/3.4.1.95/avrtoolchain/bin/../lib/gcc/avr/4.6.2/../../../../avr/lib/avr5/crtm32.o
 *(.init9)
 *(.text)
 .text          0x0000008e        0x4 e:/atmel studio/extensions/atmel/avrgcc/3.4.1.95/avrtoolchain/bin/../lib/gcc/avr/4.6.2/../../../../avr/lib/avr5/crtm32.o
                0x0000008e                __vector_1
                0x0000008e                __vector_12
                0x0000008e                __bad_interrupt
                0x0000008e                __vector_6
                0x0000008e                __vector_3
                0x0000008e                __vector_11
                0x0000008e                __vector_13
                0x0000008e                __vector_17
                0x0000008e                __vector_19
                0x0000008e                __vector_7
                0x0000008e                __vector_5
                0x0000008e                __vector_9
                0x0000008e                __vector_2
                0x0000008e                __vector_15
                0x0000008e                __vector_8
                0x0000008e                __vector_14
                0x0000008e                __vector_10
                0x0000008e                __vector_16
                0x0000008e                __vector_18
                0x0000008e                __vector_20
 .text          0x00000092       0x30 ADC.o
                0x00000092                CONFIG_VREF
                0x00000096                ENABLE_ADC
                0x0000009a                ADC_Init
                0x000000a8                START_CONV
                0x000000ac                CLR_ADIF
                0x000000b0                ADC_Read
 .text          0x000000c2        0x0 ADC_Cfg.o
 .text          0x000000c2       0xda Heater_Controller.o
                0x000000c2                Target_v
                0x00000110                adc_map_volt
                0x00000146                pwm
 .text          0x0000019c       0x34 Timer_2.o
                0x0000019c                Timer_2_CTC_Init_Interrupt
                0x000001c8                Timer_2_CTC_off
 .text          0x000001d0       0x28 PWM.o
                0x000001d0                timer_pwm
 .text          0x000001f8      0x14e Display_Manager.o
                0x000001f8                Welcom_Screen
                0x0000026e                IDLE_Screen
                0x000002aa                Display_M_L_bit
                0x0000032e                Display_sys_State
 .text          0x00000346      0x1b4 KEYPAD.o
                0x00000346                Key_Pad_init
                0x000003da                Keypad_CheckPress
 .text          0x000004fa        0x0 KEYPAD_Cfg.o
 .text          0x000004fa      0x332 LCD.o
                0x0000052c                LCD_Send_Cmd
                0x0000062e                LCD_Init
                0x000006ce                LCD_Send_Char
                0x000007d0                LCD_Send_String
                0x000007ee                LCD_ClearScreen
                0x000007f6                LCD_Move_Cursor
 .text          0x0000082c      0x12e DIO.o
                0x0000082c                DIO_SetPINDir
                0x0000087e                DIO_Write
                0x000008d0                DIO_Read_PIN
                0x00000908                DIO_Connect_Pull_Up
 .text          0x0000095a        0x0 LCD_Cfg.o
 .text          0x0000095a      0x2d4 main.o
                0x0000095a                main
                0x00000be4                __vector_4
 .text          0x00000c2e       0x76 SPI.o
                0x00000c2e                SPI_MasterInit
                0x00000c76                SPI_SlaveInit
                0x00000c8a                SPI_MasterTransmit
                0x00000c92                SPI_MasterReceive
                0x00000c9a                SPI_SlaveReceive
 .text          0x00000ca4        0x0 SPI_Cfg.o
 .text          0x00000ca4       0x60 TC72.o
                0x00000ca4                tc72Init
                0x00000cc6                temp_read_msb
                0x00000ce6                temp_read_lsb
 .text          0x00000d04       0x9a Temp_Manager.o
                0x00000d04                get_Temperature
 .text          0x00000d9e        0x0 e:/atmel studio/extensions/atmel/avrgcc/3.4.1.95/avrtoolchain/bin/../lib/gcc/avr/4.6.2/../../../../avr/lib/avr5\libm.a(addsf3.o)
 .text          0x00000d9e        0x0 e:/atmel studio/extensions/atmel/avrgcc/3.4.1.95/avrtoolchain/bin/../lib/gcc/avr/4.6.2/../../../../avr/lib/avr5\libm.a(addsf3x.o)
 .text          0x00000d9e        0x0 e:/atmel studio/extensions/atmel/avrgcc/3.4.1.95/avrtoolchain/bin/../lib/gcc/avr/4.6.2/../../../../avr/lib/avr5\libm.a(divsf3.o)
 .text          0x00000d9e        0x0 e:/atmel studio/extensions/atmel/avrgcc/3.4.1.95/avrtoolchain/bin/../lib/gcc/avr/4.6.2/../../../../avr/lib/avr5\libm.a(divsf3x.o)
 .text          0x00000d9e        0x0 e:/atmel studio/extensions/atmel/avrgcc/3.4.1.95/avrtoolchain/bin/../lib/gcc/avr/4.6.2/../../../../avr/lib/avr5\libm.a(fixunssfsi.o)
 .text          0x00000d9e        0x0 e:/atmel studio/extensions/atmel/avrgcc/3.4.1.95/avrtoolchain/bin/../lib/gcc/avr/4.6.2/../../../../avr/lib/avr5\libm.a(floatsisf.o)
 .text          0x00000d9e        0x0 e:/atmel studio/extensions/atmel/avrgcc/3.4.1.95/avrtoolchain/bin/../lib/gcc/avr/4.6.2/../../../../avr/lib/avr5\libm.a(fp_inf.o)
 .text          0x00000d9e        0x0 e:/atmel studio/extensions/atmel/avrgcc/3.4.1.95/avrtoolchain/bin/../lib/gcc/avr/4.6.2/../../../../avr/lib/avr5\libm.a(fp_nan.o)
 .text          0x00000d9e        0x0 e:/atmel studio/extensions/atmel/avrgcc/3.4.1.95/avrtoolchain/bin/../lib/gcc/avr/4.6.2/../../../../avr/lib/avr5\libm.a(fp_pscA.o)
 .text          0x00000d9e        0x0 e:/atmel studio/extensions/atmel/avrgcc/3.4.1.95/avrtoolchain/bin/../lib/gcc/avr/4.6.2/../../../../avr/lib/avr5\libm.a(fp_pscB.o)
 .text          0x00000d9e        0x0 e:/atmel studio/extensions/atmel/avrgcc/3.4.1.95/avrtoolchain/bin/../lib/gcc/avr/4.6.2/../../../../avr/lib/avr5\libm.a(fp_round.o)
 .text          0x00000d9e        0x0 e:/atmel studio/extensions/atmel/avrgcc/3.4.1.95/avrtoolchain/bin/../lib/gcc/avr/4.6.2/../../../../avr/lib/avr5\libm.a(fp_split3.o)
 .text          0x00000d9e        0x0 e:/atmel studio/extensions/atmel/avrgcc/3.4.1.95/avrtoolchain/bin/../lib/gcc/avr/4.6.2/../../../../avr/lib/avr5\libm.a(fp_zero.o)
 .text          0x00000d9e        0x0 e:/atmel studio/extensions/atmel/avrgcc/3.4.1.95/avrtoolchain/bin/../lib/gcc/avr/4.6.2/../../../../avr/lib/avr5\libm.a(mulsf3.o)
 .text          0x00000d9e        0x0 e:/atmel studio/extensions/atmel/avrgcc/3.4.1.95/avrtoolchain/bin/../lib/gcc/avr/4.6.2/../../../../avr/lib/avr5\libm.a(mulsf3x.o)
 .text          0x00000d9e        0x0 e:/atmel studio/extensions/atmel/avrgcc/3.4.1.95/avrtoolchain/bin/../lib/gcc/avr/4.6.2/avr5\libgcc.a(_udivmodqi4.o)
 .text          0x00000d9e        0x0 e:/atmel studio/extensions/atmel/avrgcc/3.4.1.95/avrtoolchain/bin/../lib/gcc/avr/4.6.2/avr5\libgcc.a(_exit.o)
 .text          0x00000d9e        0x0 e:/atmel studio/extensions/atmel/avrgcc/3.4.1.95/avrtoolchain/bin/../lib/gcc/avr/4.6.2/avr5\libgcc.a(_copy_data.o)
 .text          0x00000d9e        0x0 e:/atmel studio/extensions/atmel/avrgcc/3.4.1.95/avrtoolchain/bin/../lib/gcc/avr/4.6.2/avr5\libgcc.a(_clear_bss.o)
 .text          0x00000d9e        0x0 e:/atmel studio/extensions/atmel/avrgcc/3.4.1.95/avrtoolchain/bin/../lib/gcc/avr/4.6.2/../../../../avr/lib/avr5\libc.a(itoa.o)
 .text          0x00000d9e        0x0 e:/atmel studio/extensions/atmel/avrgcc/3.4.1.95/avrtoolchain/bin/../lib/gcc/avr/4.6.2/../../../../avr/lib/avr5\libc.a(strrev.o)
 .text          0x00000d9e        0x0 e:/atmel studio/extensions/atmel/avrgcc/3.4.1.95/avrtoolchain/bin/../lib/gcc/avr/4.6.2/avr5\libgcc.a(_udivmodhi4.o)
                0x00000d9e                . = ALIGN (0x2)
 *(.text.*)
 .text.avr-libc.fplib
                0x00000d9e        0xa e:/atmel studio/extensions/atmel/avrgcc/3.4.1.95/avrtoolchain/bin/../lib/gcc/avr/4.6.2/../../../../avr/lib/avr5\libm.a(addsf3.o)
                0x00000d9e                __subsf3
                0x00000da0                __addsf3
 .text.avr-libc.fplib
                0x00000da8       0xc0 e:/atmel studio/extensions/atmel/avrgcc/3.4.1.95/avrtoolchain/bin/../lib/gcc/avr/4.6.2/../../../../avr/lib/avr5\libm.a(addsf3x.o)
                0x00000dc2                __addsf3x
 .text.avr-libc.fplib
                0x00000e68        0x4 e:/atmel studio/extensions/atmel/avrgcc/3.4.1.95/avrtoolchain/bin/../lib/gcc/avr/4.6.2/../../../../avr/lib/avr5\libm.a(divsf3.o)
                0x00000e68                __divsf3
 .text.avr-libc.fplib
                0x00000e6c       0xcc e:/atmel studio/extensions/atmel/avrgcc/3.4.1.95/avrtoolchain/bin/../lib/gcc/avr/4.6.2/../../../../avr/lib/avr5\libm.a(divsf3x.o)
                0x00000e82                __divsf3x
                0x00000e86                __divsf3_pse
 .text.avr-libc.fplib
                0x00000f38       0x58 e:/atmel studio/extensions/atmel/avrgcc/3.4.1.95/avrtoolchain/bin/../lib/gcc/avr/4.6.2/../../../../avr/lib/avr5\libm.a(fixunssfsi.o)
                0x00000f38                __fixunssfsi
 .text.avr-libc.fplib
                0x00000f90       0x7a e:/atmel studio/extensions/atmel/avrgcc/3.4.1.95/avrtoolchain/bin/../lib/gcc/avr/4.6.2/../../../../avr/lib/avr5\libm.a(floatsisf.o)
                0x00000f90                __floatunsisf
                0x00000f94                __floatsisf
 .text.avr-libc.fplib
                0x0000100a        0xc e:/atmel studio/extensions/atmel/avrgcc/3.4.1.95/avrtoolchain/bin/../lib/gcc/avr/4.6.2/../../../../avr/lib/avr5\libm.a(fp_inf.o)
                0x0000100a                __fp_inf
 .text.avr-libc.fplib
                0x00001016        0x6 e:/atmel studio/extensions/atmel/avrgcc/3.4.1.95/avrtoolchain/bin/../lib/gcc/avr/4.6.2/../../../../avr/lib/avr5\libm.a(fp_nan.o)
                0x00001016                __fp_nan
 .text.avr-libc.fplib
                0x0000101c        0xe e:/atmel studio/extensions/atmel/avrgcc/3.4.1.95/avrtoolchain/bin/../lib/gcc/avr/4.6.2/../../../../avr/lib/avr5\libm.a(fp_pscA.o)
                0x0000101c                __fp_pscA
 .text.avr-libc.fplib
                0x0000102a        0xe e:/atmel studio/extensions/atmel/avrgcc/3.4.1.95/avrtoolchain/bin/../lib/gcc/avr/4.6.2/../../../../avr/lib/avr5\libm.a(fp_pscB.o)
                0x0000102a                __fp_pscB
 .text.avr-libc.fplib
                0x00001038       0x22 e:/atmel studio/extensions/atmel/avrgcc/3.4.1.95/avrtoolchain/bin/../lib/gcc/avr/4.6.2/../../../../avr/lib/avr5\libm.a(fp_round.o)
                0x00001038                __fp_round
 .text.avr-libc.fplib
                0x0000105a       0x44 e:/atmel studio/extensions/atmel/avrgcc/3.4.1.95/avrtoolchain/bin/../lib/gcc/avr/4.6.2/../../../../avr/lib/avr5\libm.a(fp_split3.o)
                0x0000105a                __fp_split3
                0x0000106a                __fp_splitA
 .text.avr-libc.fplib
                0x0000109e        0xe e:/atmel studio/extensions/atmel/avrgcc/3.4.1.95/avrtoolchain/bin/../lib/gcc/avr/4.6.2/../../../../avr/lib/avr5\libm.a(fp_zero.o)
                0x0000109e                __fp_zero
                0x000010a0                __fp_szero
 .text.avr-libc.fplib
                0x000010ac        0x4 e:/atmel studio/extensions/atmel/avrgcc/3.4.1.95/avrtoolchain/bin/../lib/gcc/avr/4.6.2/../../../../avr/lib/avr5\libm.a(mulsf3.o)
                0x000010ac                __mulsf3
 .text.avr-libc.fplib
                0x000010b0       0xc2 e:/atmel studio/extensions/atmel/avrgcc/3.4.1.95/avrtoolchain/bin/../lib/gcc/avr/4.6.2/../../../../avr/lib/avr5\libm.a(mulsf3x.o)
                0x000010c4                __mulsf3x
                0x000010c8                __mulsf3_pse
 .text.libgcc   0x00001172       0x18 e:/atmel studio/extensions/atmel/avrgcc/3.4.1.95/avrtoolchain/bin/../lib/gcc/avr/4.6.2/avr5\libgcc.a(_udivmodqi4.o)
                0x00001172                __udivmodqi4
 .text.libgcc   0x0000118a        0x0 e:/atmel studio/extensions/atmel/avrgcc/3.4.1.95/avrtoolchain/bin/../lib/gcc/avr/4.6.2/avr5\libgcc.a(_exit.o)
 .text.libgcc   0x0000118a        0x0 e:/atmel studio/extensions/atmel/avrgcc/3.4.1.95/avrtoolchain/bin/../lib/gcc/avr/4.6.2/avr5\libgcc.a(_copy_data.o)
 .text.libgcc   0x0000118a        0x0 e:/atmel studio/extensions/atmel/avrgcc/3.4.1.95/avrtoolchain/bin/../lib/gcc/avr/4.6.2/avr5\libgcc.a(_clear_bss.o)
 .text.avr-libc
                0x0000118a       0x42 e:/atmel studio/extensions/atmel/avrgcc/3.4.1.95/avrtoolchain/bin/../lib/gcc/avr/4.6.2/../../../../avr/lib/avr5\libc.a(itoa.o)
                0x0000118a                itoa
 .text.avr-libc
                0x000011cc       0x20 e:/atmel studio/extensions/atmel/avrgcc/3.4.1.95/avrtoolchain/bin/../lib/gcc/avr/4.6.2/../../../../avr/lib/avr5\libc.a(strrev.o)
                0x000011cc                strrev
 .text.libgcc   0x000011ec       0x28 e:/atmel studio/extensions/atmel/avrgcc/3.4.1.95/avrtoolchain/bin/../lib/gcc/avr/4.6.2/avr5\libgcc.a(_udivmodhi4.o)
                0x000011ec                __udivmodhi4
                0x00001214                . = ALIGN (0x2)
 *(.fini9)
 .fini9         0x00001214        0x0 e:/atmel studio/extensions/atmel/avrgcc/3.4.1.95/avrtoolchain/bin/../lib/gcc/avr/4.6.2/avr5\libgcc.a(_exit.o)
                0x00001214                _exit
                0x00001214                exit
 *(.fini9)
 *(.fini8)
 *(.fini8)
 *(.fini7)
 *(.fini7)
 *(.fini6)
 *(.fini6)
 *(.fini5)
 *(.fini5)
 *(.fini4)
 *(.fini4)
 *(.fini3)
 *(.fini3)
 *(.fini2)
 *(.fini2)
 *(.fini1)
 *(.fini1)
 *(.fini0)
 .fini0         0x00001214        0x4 e:/atmel studio/extensions/atmel/avrgcc/3.4.1.95/avrtoolchain/bin/../lib/gcc/avr/4.6.2/avr5\libgcc.a(_exit.o)
 *(.fini0)
                0x00001218                _etext = .

.data           0x00800060       0xa2 load address 0x00001218
                0x00800060                PROVIDE (__data_start, .)
 *(.data)
 .data          0x00800060        0x0 e:/atmel studio/extensions/atmel/avrgcc/3.4.1.95/avrtoolchain/bin/../lib/gcc/avr/4.6.2/../../../../avr/lib/avr5/crtm32.o
 .data          0x00800060        0x0 ADC.o
 .data          0x00800060        0x3 ADC_Cfg.o
                0x00800060                ADC_ConfigParam
 .data          0x00800063        0x0 Heater_Controller.o
 .data          0x00800063        0x0 Timer_2.o
 .data          0x00800063        0x0 PWM.o
 .data          0x00800063       0x24 Display_Manager.o
 .data          0x00800087        0xc KEYPAD.o
 .data          0x00800093       0x1c KEYPAD_Cfg.o
                0x00800093                Cols
                0x0080009f                Rows
 .data          0x008000af        0x0 LCD.o
 .data          0x008000af        0x4 DIO.o
                0x008000af                PortBaseAddresses
 .data          0x008000b3        0xe LCD_Cfg.o
                0x008000b3                DATA_Pins
                0x008000bb                LCD_E
                0x008000bd                LCD_RW
                0x008000bf                LCD_RS
 .data          0x008000c1       0x2b main.o
 .data          0x008000ec        0x0 SPI.o
 .data          0x008000ec        0xc SPI_Cfg.o
                0x008000ec                SPI_Pins
 .data          0x008000f8        0x0 TC72.o
 .data          0x008000f8        0xa Temp_Manager.o
 .data          0x00800102        0x0 e:/atmel studio/extensions/atmel/avrgcc/3.4.1.95/avrtoolchain/bin/../lib/gcc/avr/4.6.2/../../../../avr/lib/avr5\libm.a(addsf3.o)
 .data          0x00800102        0x0 e:/atmel studio/extensions/atmel/avrgcc/3.4.1.95/avrtoolchain/bin/../lib/gcc/avr/4.6.2/../../../../avr/lib/avr5\libm.a(addsf3x.o)
 .data          0x00800102        0x0 e:/atmel studio/extensions/atmel/avrgcc/3.4.1.95/avrtoolchain/bin/../lib/gcc/avr/4.6.2/../../../../avr/lib/avr5\libm.a(divsf3.o)
 .data          0x00800102        0x0 e:/atmel studio/extensions/atmel/avrgcc/3.4.1.95/avrtoolchain/bin/../lib/gcc/avr/4.6.2/../../../../avr/lib/avr5\libm.a(divsf3x.o)
 .data          0x00800102        0x0 e:/atmel studio/extensions/atmel/avrgcc/3.4.1.95/avrtoolchain/bin/../lib/gcc/avr/4.6.2/../../../../avr/lib/avr5\libm.a(fixunssfsi.o)
 .data          0x00800102        0x0 e:/atmel studio/extensions/atmel/avrgcc/3.4.1.95/avrtoolchain/bin/../lib/gcc/avr/4.6.2/../../../../avr/lib/avr5\libm.a(floatsisf.o)
 .data          0x00800102        0x0 e:/atmel studio/extensions/atmel/avrgcc/3.4.1.95/avrtoolchain/bin/../lib/gcc/avr/4.6.2/../../../../avr/lib/avr5\libm.a(fp_inf.o)
 .data          0x00800102        0x0 e:/atmel studio/extensions/atmel/avrgcc/3.4.1.95/avrtoolchain/bin/../lib/gcc/avr/4.6.2/../../../../avr/lib/avr5\libm.a(fp_nan.o)
 .data          0x00800102        0x0 e:/atmel studio/extensions/atmel/avrgcc/3.4.1.95/avrtoolchain/bin/../lib/gcc/avr/4.6.2/../../../../avr/lib/avr5\libm.a(fp_pscA.o)
 .data          0x00800102        0x0 e:/atmel studio/extensions/atmel/avrgcc/3.4.1.95/avrtoolchain/bin/../lib/gcc/avr/4.6.2/../../../../avr/lib/avr5\libm.a(fp_pscB.o)
 .data          0x00800102        0x0 e:/atmel studio/extensions/atmel/avrgcc/3.4.1.95/avrtoolchain/bin/../lib/gcc/avr/4.6.2/../../../../avr/lib/avr5\libm.a(fp_round.o)
 .data          0x00800102        0x0 e:/atmel studio/extensions/atmel/avrgcc/3.4.1.95/avrtoolchain/bin/../lib/gcc/avr/4.6.2/../../../../avr/lib/avr5\libm.a(fp_split3.o)
 .data          0x00800102        0x0 e:/atmel studio/extensions/atmel/avrgcc/3.4.1.95/avrtoolchain/bin/../lib/gcc/avr/4.6.2/../../../../avr/lib/avr5\libm.a(fp_zero.o)
 .data          0x00800102        0x0 e:/atmel studio/extensions/atmel/avrgcc/3.4.1.95/avrtoolchain/bin/../lib/gcc/avr/4.6.2/../../../../avr/lib/avr5\libm.a(mulsf3.o)
 .data          0x00800102        0x0 e:/atmel studio/extensions/atmel/avrgcc/3.4.1.95/avrtoolchain/bin/../lib/gcc/avr/4.6.2/../../../../avr/lib/avr5\libm.a(mulsf3x.o)
 .data          0x00800102        0x0 e:/atmel studio/extensions/atmel/avrgcc/3.4.1.95/avrtoolchain/bin/../lib/gcc/avr/4.6.2/avr5\libgcc.a(_udivmodqi4.o)
 .data          0x00800102        0x0 e:/atmel studio/extensions/atmel/avrgcc/3.4.1.95/avrtoolchain/bin/../lib/gcc/avr/4.6.2/avr5\libgcc.a(_exit.o)
 .data          0x00800102        0x0 e:/atmel studio/extensions/atmel/avrgcc/3.4.1.95/avrtoolchain/bin/../lib/gcc/avr/4.6.2/avr5\libgcc.a(_copy_data.o)
 .data          0x00800102        0x0 e:/atmel studio/extensions/atmel/avrgcc/3.4.1.95/avrtoolchain/bin/../lib/gcc/avr/4.6.2/avr5\libgcc.a(_clear_bss.o)
 .data          0x00800102        0x0 e:/atmel studio/extensions/atmel/avrgcc/3.4.1.95/avrtoolchain/bin/../lib/gcc/avr/4.6.2/../../../../avr/lib/avr5\libc.a(itoa.o)
 .data          0x00800102        0x0 e:/atmel studio/extensions/atmel/avrgcc/3.4.1.95/avrtoolchain/bin/../lib/gcc/avr/4.6.2/../../../../avr/lib/avr5\libc.a(strrev.o)
 .data          0x00800102        0x0 e:/atmel studio/extensions/atmel/avrgcc/3.4.1.95/avrtoolchain/bin/../lib/gcc/avr/4.6.2/avr5\libgcc.a(_udivmodhi4.o)
 *(.data*)
 *(.rodata)
 *(.rodata*)
 *(.gnu.linkonce.d*)
                0x00800102                . = ALIGN (0x2)
                0x00800102                _edata = .
                0x00800102                PROVIDE (__data_end, .)

.bss            0x00800102        0x5
                0x00800102                PROVIDE (__bss_start, .)
 *(.bss)
 .bss           0x00800102        0x0 e:/atmel studio/extensions/atmel/avrgcc/3.4.1.95/avrtoolchain/bin/../lib/gcc/avr/4.6.2/../../../../avr/lib/avr5/crtm32.o
 .bss           0x00800102        0x0 ADC.o
 .bss           0x00800102        0x0 ADC_Cfg.o
 .bss           0x00800102        0x0 Heater_Controller.o
 .bss           0x00800102        0x0 Timer_2.o
 .bss           0x00800102        0x0 PWM.o
 .bss           0x00800102        0x0 Display_Manager.o
 .bss           0x00800102        0x0 KEYPAD.o
 .bss           0x00800102        0x0 KEYPAD_Cfg.o
 .bss           0x00800102        0x0 LCD.o
 .bss           0x00800102        0x0 DIO.o
 .bss           0x00800102        0x0 LCD_Cfg.o
 .bss           0x00800102        0x5 main.o
                0x00800102                counter2
                0x00800103                counter1
 .bss           0x00800107        0x0 SPI.o
 .bss           0x00800107        0x0 SPI_Cfg.o
 .bss           0x00800107        0x0 TC72.o
 .bss           0x00800107        0x0 Temp_Manager.o
 .bss           0x00800107        0x0 e:/atmel studio/extensions/atmel/avrgcc/3.4.1.95/avrtoolchain/bin/../lib/gcc/avr/4.6.2/../../../../avr/lib/avr5\libm.a(addsf3.o)
 .bss           0x00800107        0x0 e:/atmel studio/extensions/atmel/avrgcc/3.4.1.95/avrtoolchain/bin/../lib/gcc/avr/4.6.2/../../../../avr/lib/avr5\libm.a(addsf3x.o)
 .bss           0x00800107        0x0 e:/atmel studio/extensions/atmel/avrgcc/3.4.1.95/avrtoolchain/bin/../lib/gcc/avr/4.6.2/../../../../avr/lib/avr5\libm.a(divsf3.o)
 .bss           0x00800107        0x0 e:/atmel studio/extensions/atmel/avrgcc/3.4.1.95/avrtoolchain/bin/../lib/gcc/avr/4.6.2/../../../../avr/lib/avr5\libm.a(divsf3x.o)
 .bss           0x00800107        0x0 e:/atmel studio/extensions/atmel/avrgcc/3.4.1.95/avrtoolchain/bin/../lib/gcc/avr/4.6.2/../../../../avr/lib/avr5\libm.a(fixunssfsi.o)
 .bss           0x00800107        0x0 e:/atmel studio/extensions/atmel/avrgcc/3.4.1.95/avrtoolchain/bin/../lib/gcc/avr/4.6.2/../../../../avr/lib/avr5\libm.a(floatsisf.o)
 .bss           0x00800107        0x0 e:/atmel studio/extensions/atmel/avrgcc/3.4.1.95/avrtoolchain/bin/../lib/gcc/avr/4.6.2/../../../../avr/lib/avr5\libm.a(fp_inf.o)
 .bss           0x00800107        0x0 e:/atmel studio/extensions/atmel/avrgcc/3.4.1.95/avrtoolchain/bin/../lib/gcc/avr/4.6.2/../../../../avr/lib/avr5\libm.a(fp_nan.o)
 .bss           0x00800107        0x0 e:/atmel studio/extensions/atmel/avrgcc/3.4.1.95/avrtoolchain/bin/../lib/gcc/avr/4.6.2/../../../../avr/lib/avr5\libm.a(fp_pscA.o)
 .bss           0x00800107        0x0 e:/atmel studio/extensions/atmel/avrgcc/3.4.1.95/avrtoolchain/bin/../lib/gcc/avr/4.6.2/../../../../avr/lib/avr5\libm.a(fp_pscB.o)
 .bss           0x00800107        0x0 e:/atmel studio/extensions/atmel/avrgcc/3.4.1.95/avrtoolchain/bin/../lib/gcc/avr/4.6.2/../../../../avr/lib/avr5\libm.a(fp_round.o)
 .bss           0x00800107        0x0 e:/atmel studio/extensions/atmel/avrgcc/3.4.1.95/avrtoolchain/bin/../lib/gcc/avr/4.6.2/../../../../avr/lib/avr5\libm.a(fp_split3.o)
 .bss           0x00800107        0x0 e:/atmel studio/extensions/atmel/avrgcc/3.4.1.95/avrtoolchain/bin/../lib/gcc/avr/4.6.2/../../../../avr/lib/avr5\libm.a(fp_zero.o)
 .bss           0x00800107        0x0 e:/atmel studio/extensions/atmel/avrgcc/3.4.1.95/avrtoolchain/bin/../lib/gcc/avr/4.6.2/../../../../avr/lib/avr5\libm.a(mulsf3.o)
 .bss           0x00800107        0x0 e:/atmel studio/extensions/atmel/avrgcc/3.4.1.95/avrtoolchain/bin/../lib/gcc/avr/4.6.2/../../../../avr/lib/avr5\libm.a(mulsf3x.o)
 .bss           0x00800107        0x0 e:/atmel studio/extensions/atmel/avrgcc/3.4.1.95/avrtoolchain/bin/../lib/gcc/avr/4.6.2/avr5\libgcc.a(_udivmodqi4.o)
 .bss           0x00800107        0x0 e:/atmel studio/extensions/atmel/avrgcc/3.4.1.95/avrtoolchain/bin/../lib/gcc/avr/4.6.2/avr5\libgcc.a(_exit.o)
 .bss           0x00800107        0x0 e:/atmel studio/extensions/atmel/avrgcc/3.4.1.95/avrtoolchain/bin/../lib/gcc/avr/4.6.2/avr5\libgcc.a(_copy_data.o)
 .bss           0x00800107        0x0 e:/atmel studio/extensions/atmel/avrgcc/3.4.1.95/avrtoolchain/bin/../lib/gcc/avr/4.6.2/avr5\libgcc.a(_clear_bss.o)
 .bss           0x00800107        0x0 e:/atmel studio/extensions/atmel/avrgcc/3.4.1.95/avrtoolchain/bin/../lib/gcc/avr/4.6.2/../../../../avr/lib/avr5\libc.a(itoa.o)
 .bss           0x00800107        0x0 e:/atmel studio/extensions/atmel/avrgcc/3.4.1.95/avrtoolchain/bin/../lib/gcc/avr/4.6.2/../../../../avr/lib/avr5\libc.a(strrev.o)
 .bss           0x00800107        0x0 e:/atmel studio/extensions/atmel/avrgcc/3.4.1.95/avrtoolchain/bin/../lib/gcc/avr/4.6.2/avr5\libgcc.a(_udivmodhi4.o)
 *(.bss*)
 *(COMMON)
 COMMON         0x00800107        0x0 KEYPAD.o
 COMMON         0x00800107        0x0 LCD.o
                0x00800107                PROVIDE (__bss_end, .)
                0x00001218                __data_load_start = LOADADDR (.data)
                0x000012ba                __data_load_end = (__data_load_start + SIZEOF (.data))

.noinit         0x00800107        0x0
                0x00800107                PROVIDE (__noinit_start, .)
 *(.noinit*)
                0x00800107                PROVIDE (__noinit_end, .)
                0x00800107                _end = .
                0x00800107                PROVIDE (__heap_start, .)

.eeprom         0x00810000        0x0
 *(.eeprom*)
                0x00810000                __eeprom_end = .

.fuse
 *(.fuse)
 *(.lfuse)
 *(.hfuse)
 *(.efuse)

.lock
 *(.lock*)

.signature
 *(.signature*)

.stab           0x00000000     0x2388
 *(.stab)
 .stab          0x00000000      0x6cc e:/atmel studio/extensions/atmel/avrgcc/3.4.1.95/avrtoolchain/bin/../lib/gcc/avr/4.6.2/../../../../avr/lib/avr5/crtm32.o
 .stab          0x000006cc       0x78 e:/atmel studio/extensions/atmel/avrgcc/3.4.1.95/avrtoolchain/bin/../lib/gcc/avr/4.6.2/../../../../avr/lib/avr5\libm.a(addsf3.o)
                                 0x84 (size before relaxing)
 .stab          0x00000744      0x4bc e:/atmel studio/extensions/atmel/avrgcc/3.4.1.95/avrtoolchain/bin/../lib/gcc/avr/4.6.2/../../../../avr/lib/avr5\libm.a(addsf3x.o)
                                0x4c8 (size before relaxing)
 .stab          0x00000c00       0x48 e:/atmel studio/extensions/atmel/avrgcc/3.4.1.95/avrtoolchain/bin/../lib/gcc/avr/4.6.2/../../../../avr/lib/avr5\libm.a(divsf3.o)
                                 0x54 (size before relaxing)
 .stab          0x00000c48      0x510 e:/atmel studio/extensions/atmel/avrgcc/3.4.1.95/avrtoolchain/bin/../lib/gcc/avr/4.6.2/../../../../avr/lib/avr5\libm.a(divsf3x.o)
                                0x51c (size before relaxing)
 .stab          0x00001158      0x240 e:/atmel studio/extensions/atmel/avrgcc/3.4.1.95/avrtoolchain/bin/../lib/gcc/avr/4.6.2/../../../../avr/lib/avr5\libm.a(fixunssfsi.o)
                                0x24c (size before relaxing)
 .stab          0x00001398      0x318 e:/atmel studio/extensions/atmel/avrgcc/3.4.1.95/avrtoolchain/bin/../lib/gcc/avr/4.6.2/../../../../avr/lib/avr5\libm.a(floatsisf.o)
                                0x324 (size before relaxing)
 .stab          0x000016b0       0x78 e:/atmel studio/extensions/atmel/avrgcc/3.4.1.95/avrtoolchain/bin/../lib/gcc/avr/4.6.2/../../../../avr/lib/avr5\libm.a(fp_inf.o)
                                 0x84 (size before relaxing)
 .stab          0x00001728       0x54 e:/atmel studio/extensions/atmel/avrgcc/3.4.1.95/avrtoolchain/bin/../lib/gcc/avr/4.6.2/../../../../avr/lib/avr5\libm.a(fp_nan.o)
                                 0x60 (size before relaxing)
 .stab          0x0000177c       0x84 e:/atmel studio/extensions/atmel/avrgcc/3.4.1.95/avrtoolchain/bin/../lib/gcc/avr/4.6.2/../../../../avr/lib/avr5\libm.a(fp_pscA.o)
                                 0x90 (size before relaxing)
 .stab          0x00001800       0x84 e:/atmel studio/extensions/atmel/avrgcc/3.4.1.95/avrtoolchain/bin/../lib/gcc/avr/4.6.2/../../../../avr/lib/avr5\libm.a(fp_pscB.o)
                                 0x90 (size before relaxing)
 .stab          0x00001884       0xfc e:/atmel studio/extensions/atmel/avrgcc/3.4.1.95/avrtoolchain/bin/../lib/gcc/avr/4.6.2/../../../../avr/lib/avr5\libm.a(fp_round.o)
                                0x108 (size before relaxing)
 .stab          0x00001980      0x1d4 e:/atmel studio/extensions/atmel/avrgcc/3.4.1.95/avrtoolchain/bin/../lib/gcc/avr/4.6.2/../../../../avr/lib/avr5\libm.a(fp_split3.o)
                                0x1e0 (size before relaxing)
 .stab          0x00001b54       0x90 e:/atmel studio/extensions/atmel/avrgcc/3.4.1.95/avrtoolchain/bin/../lib/gcc/avr/4.6.2/../../../../avr/lib/avr5\libm.a(fp_zero.o)
                                 0x9c (size before relaxing)
 .stab          0x00001be4       0x48 e:/atmel studio/extensions/atmel/avrgcc/3.4.1.95/avrtoolchain/bin/../lib/gcc/avr/4.6.2/../../../../avr/lib/avr5\libm.a(mulsf3.o)
                                 0x54 (size before relaxing)
 .stab          0x00001c2c      0x4d4 e:/atmel studio/extensions/atmel/avrgcc/3.4.1.95/avrtoolchain/bin/../lib/gcc/avr/4.6.2/../../../../avr/lib/avr5\libm.a(mulsf3x.o)
                                0x4e0 (size before relaxing)
 .stab          0x00002100      0x1b0 e:/atmel studio/extensions/atmel/avrgcc/3.4.1.95/avrtoolchain/bin/../lib/gcc/avr/4.6.2/../../../../avr/lib/avr5\libc.a(itoa.o)
                                0x1bc (size before relaxing)
 .stab          0x000022b0       0xd8 e:/atmel studio/extensions/atmel/avrgcc/3.4.1.95/avrtoolchain/bin/../lib/gcc/avr/4.6.2/../../../../avr/lib/avr5\libc.a(strrev.o)
                                 0xe4 (size before relaxing)

.stabstr        0x00000000      0x70e
 *(.stabstr)
 .stabstr       0x00000000      0x70e e:/atmel studio/extensions/atmel/avrgcc/3.4.1.95/avrtoolchain/bin/../lib/gcc/avr/4.6.2/../../../../avr/lib/avr5/crtm32.o

.stab.excl
 *(.stab.excl)

.stab.exclstr
 *(.stab.exclstr)

.stab.index
 *(.stab.index)

.stab.indexstr
 *(.stab.indexstr)

.comment
 *(.comment)

.debug
 *(.debug)

.line
 *(.line)

.debug_srcinfo
 *(.debug_srcinfo)

.debug_sfnames
 *(.debug_sfnames)

.debug_aranges  0x00000000      0x220
 *(.debug_aranges)
 .debug_aranges
                0x00000000       0x20 ADC.o
 .debug_aranges
                0x00000020       0x20 Heater_Controller.o
 .debug_aranges
                0x00000040       0x20 Timer_2.o
 .debug_aranges
                0x00000060       0x20 PWM.o
 .debug_aranges
                0x00000080       0x20 Display_Manager.o
 .debug_aranges
                0x000000a0       0x20 KEYPAD.o
 .debug_aranges
                0x000000c0       0x20 LCD.o
 .debug_aranges
                0x000000e0       0x20 DIO.o
 .debug_aranges
                0x00000100       0x20 main.o
 .debug_aranges
                0x00000120       0x20 SPI.o
 .debug_aranges
                0x00000140       0x20 TC72.o
 .debug_aranges
                0x00000160       0x20 Temp_Manager.o
 .debug_aranges
                0x00000180       0x20 e:/atmel studio/extensions/atmel/avrgcc/3.4.1.95/avrtoolchain/bin/../lib/gcc/avr/4.6.2/avr5\libgcc.a(_udivmodqi4.o)
 .debug_aranges
                0x000001a0       0x20 e:/atmel studio/extensions/atmel/avrgcc/3.4.1.95/avrtoolchain/bin/../lib/gcc/avr/4.6.2/avr5\libgcc.a(_exit.o)
 .debug_aranges
                0x000001c0       0x20 e:/atmel studio/extensions/atmel/avrgcc/3.4.1.95/avrtoolchain/bin/../lib/gcc/avr/4.6.2/avr5\libgcc.a(_copy_data.o)
 .debug_aranges
                0x000001e0       0x20 e:/atmel studio/extensions/atmel/avrgcc/3.4.1.95/avrtoolchain/bin/../lib/gcc/avr/4.6.2/avr5\libgcc.a(_clear_bss.o)
 .debug_aranges
                0x00000200       0x20 e:/atmel studio/extensions/atmel/avrgcc/3.4.1.95/avrtoolchain/bin/../lib/gcc/avr/4.6.2/avr5\libgcc.a(_udivmodhi4.o)

.debug_pubnames
 *(.debug_pubnames)

.debug_info     0x00000000     0x1e17
 *(.debug_info)
 .debug_info    0x00000000      0x10b ADC.o
 .debug_info    0x0000010b       0x82 ADC_Cfg.o
 .debug_info    0x0000018d      0x173 Heater_Controller.o
 .debug_info    0x00000300       0x93 Timer_2.o
 .debug_info    0x00000393       0xa0 PWM.o
 .debug_info    0x00000433      0x25f Display_Manager.o
 .debug_info    0x00000692      0x1ce KEYPAD.o
 .debug_info    0x00000860       0xe0 KEYPAD_Cfg.o
 .debug_info    0x00000940      0x4c1 LCD.o
 .debug_info    0x00000e01      0x1d0 DIO.o
 .debug_info    0x00000fd1       0xd8 LCD_Cfg.o
 .debug_info    0x000010a9      0x3f2 main.o
 .debug_info    0x0000149b      0x179 SPI.o
 .debug_info    0x00001614       0x99 SPI_Cfg.o
 .debug_info    0x000016ad      0x246 TC72.o
 .debug_info    0x000018f3       0xd3 Temp_Manager.o
 .debug_info    0x000019c6       0xdd e:/atmel studio/extensions/atmel/avrgcc/3.4.1.95/avrtoolchain/bin/../lib/gcc/avr/4.6.2/avr5\libgcc.a(_udivmodqi4.o)
 .debug_info    0x00001aa3       0xdd e:/atmel studio/extensions/atmel/avrgcc/3.4.1.95/avrtoolchain/bin/../lib/gcc/avr/4.6.2/avr5\libgcc.a(_exit.o)
 .debug_info    0x00001b80       0xdd e:/atmel studio/extensions/atmel/avrgcc/3.4.1.95/avrtoolchain/bin/../lib/gcc/avr/4.6.2/avr5\libgcc.a(_copy_data.o)
 .debug_info    0x00001c5d       0xdd e:/atmel studio/extensions/atmel/avrgcc/3.4.1.95/avrtoolchain/bin/../lib/gcc/avr/4.6.2/avr5\libgcc.a(_clear_bss.o)
 .debug_info    0x00001d3a       0xdd e:/atmel studio/extensions/atmel/avrgcc/3.4.1.95/avrtoolchain/bin/../lib/gcc/avr/4.6.2/avr5\libgcc.a(_udivmodhi4.o)
 *(.gnu.linkonce.wi.*)

.debug_abbrev   0x00000000      0xd14
 *(.debug_abbrev)
 .debug_abbrev  0x00000000       0x72 ADC.o
 .debug_abbrev  0x00000072       0x60 ADC_Cfg.o
 .debug_abbrev  0x000000d2       0x99 Heater_Controller.o
 .debug_abbrev  0x0000016b       0x4c Timer_2.o
 .debug_abbrev  0x000001b7       0x5d PWM.o
 .debug_abbrev  0x00000214      0x16e Display_Manager.o
 .debug_abbrev  0x00000382       0xec KEYPAD.o
 .debug_abbrev  0x0000046e       0x72 KEYPAD_Cfg.o
 .debug_abbrev  0x000004e0      0x1b5 LCD.o
 .debug_abbrev  0x00000695       0xc9 DIO.o
 .debug_abbrev  0x0000075e       0x72 LCD_Cfg.o
 .debug_abbrev  0x000007d0      0x1b0 main.o
 .debug_abbrev  0x00000980       0xf7 SPI.o
 .debug_abbrev  0x00000a77       0x72 SPI_Cfg.o
 .debug_abbrev  0x00000ae9      0x113 TC72.o
 .debug_abbrev  0x00000bfc       0xb4 Temp_Manager.o
 .debug_abbrev  0x00000cb0       0x14 e:/atmel studio/extensions/atmel/avrgcc/3.4.1.95/avrtoolchain/bin/../lib/gcc/avr/4.6.2/avr5\libgcc.a(_udivmodqi4.o)
 .debug_abbrev  0x00000cc4       0x14 e:/atmel studio/extensions/atmel/avrgcc/3.4.1.95/avrtoolchain/bin/../lib/gcc/avr/4.6.2/avr5\libgcc.a(_exit.o)
 .debug_abbrev  0x00000cd8       0x14 e:/atmel studio/extensions/atmel/avrgcc/3.4.1.95/avrtoolchain/bin/../lib/gcc/avr/4.6.2/avr5\libgcc.a(_copy_data.o)
 .debug_abbrev  0x00000cec       0x14 e:/atmel studio/extensions/atmel/avrgcc/3.4.1.95/avrtoolchain/bin/../lib/gcc/avr/4.6.2/avr5\libgcc.a(_clear_bss.o)
 .debug_abbrev  0x00000d00       0x14 e:/atmel studio/extensions/atmel/avrgcc/3.4.1.95/avrtoolchain/bin/../lib/gcc/avr/4.6.2/avr5\libgcc.a(_udivmodhi4.o)

.debug_line     0x00000000     0x108c
 *(.debug_line)
 .debug_line    0x00000000       0xe1 ADC.o
 .debug_line    0x000000e1       0x39 ADC_Cfg.o
 .debug_line    0x0000011a       0x63 Heater_Controller.o
 .debug_line    0x0000017d       0xc0 Timer_2.o
 .debug_line    0x0000023d       0xba PWM.o
 .debug_line    0x000002f7      0x199 Display_Manager.o
 .debug_line    0x00000490       0xf9 KEYPAD.o
 .debug_line    0x00000589       0x4e KEYPAD_Cfg.o
 .debug_line    0x000005d7      0x25c LCD.o
 .debug_line    0x00000833       0x5c DIO.o
 .debug_line    0x0000088f       0x48 LCD_Cfg.o
 .debug_line    0x000008d7      0x1f5 main.o
 .debug_line    0x00000acc       0xe6 SPI.o
 .debug_line    0x00000bb2       0x39 SPI_Cfg.o
 .debug_line    0x00000beb      0x177 TC72.o
 .debug_line    0x00000d62       0x57 Temp_Manager.o
 .debug_line    0x00000db9       0x92 e:/atmel studio/extensions/atmel/avrgcc/3.4.1.95/avrtoolchain/bin/../lib/gcc/avr/4.6.2/avr5\libgcc.a(_udivmodqi4.o)
 .debug_line    0x00000e4b       0x88 e:/atmel studio/extensions/atmel/avrgcc/3.4.1.95/avrtoolchain/bin/../lib/gcc/avr/4.6.2/avr5\libgcc.a(_exit.o)
 .debug_line    0x00000ed3       0x91 e:/atmel studio/extensions/atmel/avrgcc/3.4.1.95/avrtoolchain/bin/../lib/gcc/avr/4.6.2/avr5\libgcc.a(_copy_data.o)
 .debug_line    0x00000f64       0x8e e:/atmel studio/extensions/atmel/avrgcc/3.4.1.95/avrtoolchain/bin/../lib/gcc/avr/4.6.2/avr5\libgcc.a(_clear_bss.o)
 .debug_line    0x00000ff2       0x9a e:/atmel studio/extensions/atmel/avrgcc/3.4.1.95/avrtoolchain/bin/../lib/gcc/avr/4.6.2/avr5\libgcc.a(_udivmodhi4.o)

.debug_frame    0x00000000      0x53c
 *(.debug_frame)
 .debug_frame   0x00000000       0x74 ADC.o
 .debug_frame   0x00000074       0x58 Heater_Controller.o
 .debug_frame   0x000000cc       0x34 Timer_2.o
 .debug_frame   0x00000100       0x24 PWM.o
 .debug_frame   0x00000124       0x90 Display_Manager.o
 .debug_frame   0x000001b4       0xb4 KEYPAD.o
 .debug_frame   0x00000268      0x128 LCD.o
 .debug_frame   0x00000390       0x54 DIO.o
 .debug_frame   0x000003e4       0x64 main.o
 .debug_frame   0x00000448       0x64 SPI.o
 .debug_frame   0x000004ac       0x44 TC72.o
 .debug_frame   0x000004f0       0x4c Temp_Manager.o

.debug_str      0x00000000      0x707
 *(.debug_str)
 .debug_str     0x00000000      0x10f ADC.o
                                0x148 (size before relaxing)
 .debug_str     0x0000010f       0xa6 ADC_Cfg.o
                                 0xc0 (size before relaxing)
 .debug_str     0x000001b5       0x83 Heater_Controller.o
                                0x171 (size before relaxing)
 .debug_str     0x00000238       0x3a Timer_2.o
                                0x125 (size before relaxing)
 .debug_str     0x00000272       0x1f PWM.o
                                0x116 (size before relaxing)
 .debug_str     0x00000291       0xd5 Display_Manager.o
                                0x1d7 (size before relaxing)
 .debug_str     0x00000366       0x92 KEYPAD.o
                                0x118 (size before relaxing)
 .debug_str     0x000003f8       0x12 KEYPAD_Cfg.o
                                 0xd1 (size before relaxing)
 .debug_str     0x0000040a       0xae LCD.o
                                0x21a (size before relaxing)
 .debug_str     0x000004b8       0x88 DIO.o
                                0x188 (size before relaxing)
 .debug_str     0x00000540        0xf LCD_Cfg.o
                                 0xcb (size before relaxing)
 .debug_str     0x0000054f       0x98 main.o
                                0x1fc (size before relaxing)
 .debug_str     0x000005e7       0x9c SPI.o
                                0x18c (size before relaxing)
 .debug_str     0x00000683        0xf SPI_Cfg.o
                                 0xc3 (size before relaxing)
 .debug_str     0x00000692       0x37 TC72.o
                                0x193 (size before relaxing)
 .debug_str     0x000006c9       0x3e Temp_Manager.o
                                 0xc5 (size before relaxing)

.debug_loc      0x00000000      0xe3c
 *(.debug_loc)
 .debug_loc     0x00000000      0x173 Heater_Controller.o
 .debug_loc     0x00000173       0x1e PWM.o
 .debug_loc     0x00000191      0x264 Display_Manager.o
 .debug_loc     0x000003f5      0x1ef KEYPAD.o
 .debug_loc     0x000005e4      0x320 LCD.o
 .debug_loc     0x00000904      0x121 DIO.o
 .debug_loc     0x00000a25      0x2fe main.o
 .debug_loc     0x00000d23       0x1f SPI.o
 .debug_loc     0x00000d42       0xfa Temp_Manager.o

.debug_macinfo
 *(.debug_macinfo)
OUTPUT(GccApplication1.elf elf32-avr)
LOAD linker stubs

.debug_ranges   0x00000000       0x60
 .debug_ranges  0x00000000       0x60 main.o
